Microchip MPLAB XC8 Compiler V3.10

Linker command line:

-W-3 \
  --edf=C:\Program Files\Microchip\xc8\v3.10\pic\dat\20250813170317_en.msgs \
  -cn -h+dist/default/production\WashingMachine_Simulation.X.production.sym \
  --cmf=dist/default/production\WashingMachine_Simulation.X.production.cmf \
  -z -Q16F877A \
  -oC:\Users\RAJSHE~1\AppData\Local\Temp\xcAsci4.0\driver_tmp_3.o \
  --defsym=__MPLAB_BUILD=1 --fixupoverflow=error \
  -Mdist/default/production/WashingMachine_Simulation.X.production.map \
  --md=C:\Users\RAJSHE~1\AppData\Local\Temp\xcAsci4.0\driver_tmp_0.dat -E1 \
  -ver=XC8 Compiler -ACODE=00h-07FFhx4 -ASTRCODE=00h-01FFFh \
  -ASTRING=00h-0FFhx32 -ACONST=00h-0FFhx32 -AENTRY=00h-0FFhx32 \
  -ACOMMON=070h-07Fh -ABANK0=020h-06Fh -ABANK1=0A0h-0EFh \
  -ABANK2=0110h-016Fh -ABANK3=0190h-01EFh \
  -ARAM=020h-06Fh,0A0h-0EFh,0110h-016Fh,0190h-01EFh \
  -AABS1=020h-07Fh,0A0h-0EFh,0110h-016Fh,0190h-01EFh -ASFR0=00h-01Fh \
  -ASFR1=080h-09Fh -ASFR2=0100h-010Fh -ASFR3=0180h-018Fh \
  -ACONFIG=02007h-02007h -DCONFIG=2 -AIDLOC=02000h-02003h -DIDLOC=2 \
  -AEEDATA=00h-0FFh/02100h -peeprom_data=EEDATA -DEEDATA=2 -DCODE=2 \
  -DSTRCODE=2 -DSTRING=2 -DCONST=2 -DENTRY=2 \
  -preset_vec=00h,intentry=04h,sivt,init,end_init -ppowerup=CODE \
  -pcinit=CODE -pfunctab=ENTRY -k \
  C:\Users\RAJSHE~1\AppData\Local\Temp\xcAsci4.0\driver_tmp_12.o \
  dist/default/production\WashingMachine_Simulation.X.production.o 

Object code version is 3.11

Machine type is 16F877A



                Name                               Link     Load   Length Selector   Space Scale
C:\Users\RAJSHE~1\AppData\Local\Temp\xcAsci4.0\driver_tmp_12.o
                end_init                              C        C        3        8       0
                reset_vec                             0        0        3        0       0
                config                             2007     2007        1        0       4
dist/default/production\WashingMachine_Simulation.X.production.o
                cinit                                 F        F       20        8       0
                intentry                              4        4        8        8       0
                config                             2007     2007        1        0       4
                text17                              74C      74C       30      8F4       0
                text16                              716      716       36      8F4       0
                text15                              5FE      5FE       63      8F4       0
                text14                              2F1      2F1        B        8       0
                text13                              FDF      FDF       10     1FBE       0
                text12                              7F1      7F1        E      8F4       0
                text11                              2B1      2B1       18        8       0
                text10                              47A      47A       AC      8F4       0
                text9                               7CE      7CE       23      8F4       0
                text8                               77C      77C       2F      8F4       0
                text7                               FEF      FEF       11     1FDE       0
                text6                               59B      59B       63      8F4       0
                text5                               6BF      6BF       57      8F4       0
                text4                               2C9      2C9       15        8       0
                text3                               526      526       75      8F4       0
                text2                               661      661       5E      8F4       0
                text1                                2F       2F      26A        8       0
                maintext                            299      299       18        8       0
                cstackBANK0                          43       43        9       20       1
                cstackCOMMON                         70       70        B       70       1
                inittext                            2DE      2DE       13        8       0
                dataBANK0                            20       20       23       20       1
                bssBANK0                             4C       4C        8       20       1
                dataCOMMON                           7B       7B        1       70       1
                stringtext                          300      300      17A        6       0
                strings                             800      800       12     1000       0
                idataBANK0                          7AB      7AB       23      8F4       0
                idataCOMMON                         7FF      7FF        1      8F4       0

TOTAL           Name                               Link     Load   Length     Space
        CLASS   CODE           
                end_init                              C        C        3         0
                cinit                                 F        F       20         0
                intentry                              4        4        8         0
                reset_vec                             0        0        3         0
                text17                              74C      74C       30         0
                text16                              716      716       36         0
                text15                              5FE      5FE       63         0
                text14                              2F1      2F1        B         0
                text13                              FDF      FDF       10         0
                text12                              7F1      7F1        E         0
                text11                              2B1      2B1       18         0
                text10                              47A      47A       AC         0
                text9                               7CE      7CE       23         0
                text8                               77C      77C       2F         0
                text7                               FEF      FEF       11         0
                text6                               59B      59B       63         0
                text5                               6BF      6BF       57         0
                text4                               2C9      2C9       15         0
                text3                               526      526       75         0
                text2                               661      661       5E         0
                text1                                2F       2F      26A         0
                maintext                            299      299       18         0
                inittext                            2DE      2DE       13         0
                idataBANK0                          7AB      7AB       23         0
                idataCOMMON                         7FF      7FF        1         0

        CLASS   STRCODE        
                stringtext                          300      300      17A         0

        CLASS   STRING         
                strings                             800      800       12         0

        CLASS   CONST          

        CLASS   ENTRY          

        CLASS   COMMON         
                cstackCOMMON                         70       70        B         1
                dataCOMMON                           7B       7B        1         1

        CLASS   BANK0          
                cstackBANK0                          43       43        9         1
                dataBANK0                            20       20       23         1
                bssBANK0                             4C       4C        8         1

        CLASS   BANK1          

        CLASS   BANK2          

        CLASS   BANK3          

        CLASS   RAM            

        CLASS   ABS1           
                abs_s1                               7E       7E        2         1

        CLASS   SFR0           

        CLASS   SFR1           

        CLASS   SFR2           

        CLASS   SFR3           

        CLASS   CONFIG         
                config                             2007     2007        1         4

        CLASS   IDLOC          

        CLASS   EEDATA         

        CLASS   HEAP           

        CLASS   STACK          



SEGMENTS        Name                           Load    Length   Top    Selector   Space  Class     Delta

                reset_vec                      000000  000003  000003         0       0  CODE        2
                intentry                       000004  0002F8  0002FC         8       0  CODE        2
                dataBANK0                      000020  000034  000054        20       1  BANK0       1
                cstackCOMMON                   000070  00000C  00007C        70       1  COMMON      1
                stringtext                     000300  00017A  00047A         6       0  STRCODE     2
                text10                         00047A  000386  000800       8F4       0  CODE        2
                strings                        000800  000012  000812      1000       0  STRING      2
                text13                         000FDF  000010  000FEF      1FBE       0  CODE        2
                text7                          000FEF  000011  001000      1FDE       0  CODE        2


UNUSED ADDRESS RANGES

        Name                Unused          Largest block    Delta
        BANK0            0054-006F             1C           1
        BANK1            00A0-00EF             50           1
        BANK2            0110-016F             60           1
        BANK3            0190-01EF             60           1
        CODE             0003-0003              1           2
                         02FC-02FF              4
                         0812-0FDE            7CD
                         1000-1FFF            800
        COMMON           007C-007D              2           1
        CONST            0003-0003              1           2
                         02FC-02FF              4
                         0812-0FDE            100
                         1000-1FFF            100
        EEDATA           2100-21FF            100           2
        ENTRY            0003-0003              1           2
                         02FC-02FF              4
                         0812-0FDE            100
                         1000-1FFF            100
        IDLOC            2000-2003              4           2
        RAM              0054-006F             1C           1
                         00A0-00EF             50
                         0110-016F             60
                         0190-01EF             60
        SFR0             0000-001F             20           1
        SFR1             0080-009F             20           1
        SFR2             0100-010F             10           1
        SFR3             0180-018F             10           1
        STRCODE          0003-0003              1           2
                         02FC-02FF              4
                         0812-0FDE            7CD
                         1000-1FFF           1000
        STRING           0003-0003              1           2
                         02FC-02FF              4
                         0812-0FDE            100
                         1000-1FFF            100

                                  Symbol Table

?___awdiv                        cstackCOMMON 0072
?___awmod                        cstackCOMMON 0072
_GIE                             (abs)        005F
_PEIE                            (abs)        005E
_PORTC                           (abs)        0007
_PORTD                           (abs)        0008
_PR2                             (abs)        0092
_RB0                             (abs)        0030
_RB1                             (abs)        0031
_RB2                             (abs)        0032
_RB3                             (abs)        0033
_RD0                             (abs)        0040
_RD1                             (abs)        0041
_RD2                             (abs)        0042
_RD3                             (abs)        0043
_RE1                             (abs)        0049
_RE2                             (abs)        004A
_T2CON                           (abs)        0012
_TMR2                            (abs)        0011
_TMR2IE                          (abs)        0461
_TMR2IF                          (abs)        0061
_TMR2ON                          (abs)        0092
_TRISB                           (abs)        0086
_TRISC                           (abs)        0087
_TRISD                           (abs)        0088
_TRISE1                          (abs)        0449
_TRISE2                          (abs)        044A
__H__absolute__                  __absolute__ 0000
__Habs1                          abs1         0000
__Hbank0                         bank0        0000
__Hbank1                         bank1        0000
__Hbank2                         bank2        0000
__Hbank3                         bank3        0000
__HbssBANK0                      bssBANK0     0000
__Hcinit                         cinit        002F
__Hclrtext                       clrtext      0000
__Hcode                          code         0000
__Hcommon                        common       0000
__Hconfig                        config       2008
__HcstackBANK0                   cstackBANK0  0000
__HcstackCOMMON                  cstackCOMMON 0000
__HdataBANK0                     dataBANK0    0000
__HdataCOMMON                    dataCOMMON   0000
__Heeprom_data                   eeprom_data  0000
__Hend_init                      end_init     000F
__Hfunctab                       functab      0000
__Hheap                          heap         0000
__HidataBANK0                    idataBANK0   0000
__HidataCOMMON                   idataCOMMON  0000
__Hinit                          init         000C
__Hinittext                      inittext     0000
__Hintentry                      intentry     000C
__Hmaintext                      maintext     0000
__Hpowerup                       powerup      0000
__Hram                           ram          0000
__Hreset_vec                     reset_vec    0003
__Hsfr0                          sfr0         0000
__Hsfr1                          sfr1         0000
__Hsfr2                          sfr2         0000
__Hsfr3                          sfr3         0000
__Hsivt                          sivt         000C
__Hspace_0                       (abs)        1000
__Hspace_1                       (abs)        007C
__Hspace_2                       (abs)        0000
__Hspace_3                       (abs)        0000
__Hspace_4                       (abs)        400F
__Hstack                         stack        0000
__Hstrings                       strings      0000
__Hstringtext                    stringtext   0000
__Htext                          text         0000
__L__absolute__                  __absolute__ 0000
__Labs1                          abs1         0000
__Lbank0                         bank0        0000
__Lbank1                         bank1        0000
__Lbank2                         bank2        0000
__Lbank3                         bank3        0000
__LbssBANK0                      bssBANK0     0000
__Lcinit                         cinit        000F
__Lclrtext                       clrtext      0000
__Lcode                          code         0000
__Lcommon                        common       0000
__Lconfig                        config       0000
__LcstackBANK0                   cstackBANK0  0000
__LcstackCOMMON                  cstackCOMMON 0000
__LdataBANK0                     dataBANK0    0000
__LdataCOMMON                    dataCOMMON   0000
__Leeprom_data                   eeprom_data  0000
__Lend_init                      end_init     000C
__Lfunctab                       functab      0000
__Lheap                          heap         0000
__LidataBANK0                    idataBANK0   0000
__LidataCOMMON                   idataCOMMON  0000
__Linit                          init         000C
__Linittext                      inittext     0000
__Lintentry                      intentry     0004
__Lmaintext                      maintext     0000
__Lpowerup                       powerup      0000
__Lram                           ram          0000
__Lreset_vec                     reset_vec    0000
__Lsfr0                          sfr0         0000
__Lsfr1                          sfr1         0000
__Lsfr2                          sfr2         0000
__Lsfr3                          sfr3         0000
__Lsivt                          sivt         000C
__Lspace_0                       (abs)        0000
__Lspace_1                       (abs)        0000
__Lspace_2                       (abs)        0000
__Lspace_3                       (abs)        0000
__Lspace_4                       (abs)        0000
__Lstack                         stack        0000
__Lstrings                       strings      0000
__Lstringtext                    stringtext   0000
__Ltext                          text         0000
__S0                             (abs)        1000
__S1                             (abs)        007C
__S3                             (abs)        0000
___awdiv                         text6        059B
___awdiv@counter                 cstackCOMMON 0076
___awdiv@dividend                cstackCOMMON 0074
___awdiv@divisor                 cstackCOMMON 0072
___awdiv@quotient                cstackCOMMON 0078
___awdiv@sign                    cstackCOMMON 0077
___awmod                         text5        06BF
___awmod@counter                 cstackCOMMON 0076
___awmod@dividend                cstackCOMMON 0074
___awmod@divisor                 cstackCOMMON 0072
___awmod@sign                    cstackCOMMON 0077
___heap_hi                       (abs)        0000
___heap_lo                       (abs)        0000
___int_sp                        stack        0000
___int_stack_hi                  stack        0000
___int_stack_lo                  stack        0000
___latbits                       (abs)        0002
___sp                            stack        0000
___stack_hi                      stack        0000
___stack_lo                      stack        0000
___stackhi                       (abs)        0000
___stacklo                       (abs)        0000
__end_of___awdiv                 text6        05FE
__end_of___awmod                 text5        0716
__end_of__initialization         cinit        002B
__end_of__stringtab              strings      0812
__end_of_clcd_print              text8        07AB
__end_of_clcd_putch              text4        02DE
__end_of_clcd_write              text16       074C
__end_of_clear_screen            text7        1000
__end_of_display_time            text3        059B
__end_of_init_clcd               text14       02FC
__end_of_init_config             text11       02C9
__end_of_init_display_controller text15       0661
__end_of_init_matrix_keypad      text13       0FEF
__end_of_init_timer2             text12       07FF
__end_of_isr                     text17       077C
__end_of_main                    maintext     02B1
__end_of_read_matrix_keypad      text9        07F1
__end_of_scan_keypad             text10       0526
__end_of_set_time_for_program    text2        06BF
__end_of_washing_machine_task    text1        0299
__initialization                 cinit        000F
__pbssBANK0                      bssBANK0     004C
__pcstackBANK0                   cstackBANK0  0043
__pcstackCOMMON                  cstackCOMMON 0070
__pdataBANK0                     dataBANK0    0020
__pdataCOMMON                    dataCOMMON   007B
__pidataBANK0                    idataBANK0   07AB
__pidataCOMMON                   idataCOMMON  07FF
__pintentry                      intentry     0004
__pmaintext                      maintext     0299
__pstrings                       strings      0800
__pstringtext                    stringtext   0300
__ptext1                         text1        002F
__ptext10                        text10       047A
__ptext11                        text11       02B1
__ptext12                        text12       07F1
__ptext13                        text13       0FDF
__ptext14                        text14       02F1
__ptext15                        text15       05FE
__ptext16                        text16       0716
__ptext17                        text17       074C
__ptext2                         text2        0661
__ptext3                         text3        0526
__ptext4                         text4        02C9
__ptext5                         text5        06BF
__ptext6                         text6        059B
__ptext7                         text7        0FEF
__ptext8                         text8        077C
__ptext9                         text9        07CE
__stringbase                     strings      0812
__stringtab                      strings      0800
_clcd_print                      text8        077C
_clcd_putch                      text4        02C9
_clcd_write                      text16       0716
_clear_screen                    text7        0FEF
_display_time                    text3        0526
_init_clcd                       text14       02F1
_init_config                     text11       02B1
_init_display_controller         text15       05FE
_init_matrix_keypad              text13       0FDF
_init_timer2                     text12       07F1
_isr                             text17       074C
_main                            maintext     0299
_min                             bssBANK0     0053
_nRBPU                           (abs)        040F
_program_index                   bssBANK0     0051
_programs                        dataBANK0    0020
_read_matrix_keypad              text9        07CE
_scan_keypad                     text10       047A
_screen_flag                     dataBANK0    0042
_sec                             bssBANK0     0052
_set_time_for_program            text2        0661
_washing_machine_task            text1        002F
_water_index                     bssBANK0     0050
_water_levels                    dataBANK0    0038
btemp                            (abs)        007E
btemp0                           (abs)        007E
btemp1                           (abs)        007F
clcd_print@addr                  cstackCOMMON 0078
clcd_print@str                   cstackCOMMON 0076
clcd_putch@addr                  cstackCOMMON 007A
clcd_putch@data                  cstackBANK0  0043
clcd_write@byte                  cstackCOMMON 0075
clcd_write@mode                  cstackCOMMON 0072
end_of_initialization            cinit        002B
init_fetch0                      inittext     02DE
init_ram0                        inittext     02E2
interrupt_function               intentry     0004
intlevel0                        functab      0000
intlevel1                        functab      0000
intlevel2                        functab      0000
intlevel3                        functab      0000
intlevel4                        functab      0000
intlevel5                        functab      0000
isr@tick                         bssBANK0     004C
ltemp0a                          (abs)        0080
main@key                         cstackBANK0  004B
read_matrix_keypad@key           cstackCOMMON 0075
read_matrix_keypad@mode          cstackCOMMON 0074
read_matrix_keypad@once          dataCOMMON   007B
reset_vec                        reset_vec    0000
saved_w                          (abs)        007E
scan_keypad@i                    cstackCOMMON 0072
start                            init         000C
start_initialization             cinit        000F
ttemp0a                          (abs)        007F
washing_machine_task@done_once   bssBANK0     004E
washing_machine_task@door_shown  bssBANK0     004F
washing_machine_task@i           cstackBANK0  0049
washing_machine_task@key         cstackBANK0  004A
wtemp0                           (abs)        007E
wtemp0a                          (abs)        007F


MODULE INFORMATION

Module		Function		Class		Link	Load	Size
timers.c
		_init_timer2   		CODE           	07F1	0000	14

timers.c estimated size: 14

C:\Program Files\Microchip\xc8\v3.10\pic\sources\c99\common\awmod.c
		___awmod       		CODE           	06BF	0000	87

C:\Program Files\Microchip\xc8\v3.10\pic\sources\c99\common\awmod.c estimated size: 87

matrix_keypad.c
		_init_matrix_keypad		CODE           	0FDF	0000	16
		_read_matrix_keypad		CODE           	07CE	0000	35
		_scan_keypad   		CODE           	047A	0000	172

matrix_keypad.c estimated size: 223

C:\Program Files\Microchip\xc8\v3.10\pic\sources\c99\common\awdiv.c
		___awdiv       		CODE           	059B	0000	99

C:\Program Files\Microchip\xc8\v3.10\pic\sources\c99\common\awdiv.c estimated size: 99

isr.c
		_isr           		CODE           	074C	0000	48

isr.c estimated size: 48

shared
		__stringtab    		STRING         	0800	0000	18
		__initialization		CODE           	000F	0000	28

shared estimated size: 46

clcd.c
		_clcd_write    		CODE           	0716	0000	54
		_clear_screen  		CODE           	0FEF	0000	17
		_clcd_print    		CODE           	077C	0000	47
		_clcd_putch    		CODE           	02C9	0000	21
		_init_display_controller		CODE           	05FE	0000	99
		_init_clcd     		CODE           	02F1	0000	11

clcd.c estimated size: 249

washing_machine.c
		_display_time  		CODE           	0526	0000	117
		_washing_machine_task		CODE           	002F	0000	618
		_set_time_for_program		CODE           	0661	0000	94

washing_machine.c estimated size: 829

main.c
		_main          		CODE           	0299	0000	24
		_init_config   		CODE           	02B1	0000	24

main.c estimated size: 48

